Reusing configuration cache.
> Task :createMinecraftArtifacts UP-TO-DATE

> Task :compileJava
./gradlew : Note: C:\Users\akira\Desktop\Minecraft Mod Development\villager-news-bedrock-addon-java-port\src\main\java\com\vnap\item\VillagerNewsItems.java uses or overrides a deprecated API.
At line:1 char:1
+ ./gradlew compileJava 2>&1 | Out-File -Encoding utf8 errors.txt
+ ~~~~~~~~~~~~~~~~~~~~~~~~~~
    + CategoryInfo          : NotSpecified: (Note: C:\Users\...deprecated API.:String) [], RemoteException
    + FullyQualifiedErrorId : NativeCommandError
 
Note: Recompile with -Xlint:deprecation for details.

[Incubating] Problems report is available at: file:///C:/Users/akira/Desktop/Minecraft%20Mod%20Development/villager-news-bedrock-addon-java-port/build/reports/problems/problems-report.html

BUILD SUCCESSFUL in 3s
2 actionable tasks: 1 executed, 1 up-to-date
Configuration cache entry reused.
